pages/teacher/ClassManage.tsx(210,20): error TS2304: Cannot find name 'LayoutGrid'.
